---
source: test_programs/src/lib.rs
expression: "&format!(\"success: {:?}\\nexit_code: {}\\n----- stdout -----\\n{}\\n----- stderr -----\\n{}\",\noutput.status.success(), output.status.code().unwrap_or(!0), stdout, stderr)"
---
success: false
exit_code: 1
----- stdout -----

----- stderr -----
error: Type `Bar` is more private than item `bar`
  ┌─ compile_failure/noirc_frontend_tests_visibility_errors_if_pub_function_leaks_private_type_in_return/src/main.nr:5:16
  │
5 │         pub fn bar() -> Bar {
  │                ---
  │

Aborting due to 1 previous error
