---
source: test_programs/src/lib.rs
expression: "&format!(\"success: {:?}\\nexit_code: {}\\n----- stdout -----\\n{}\\n----- stderr -----\\n{}\",\noutput.status.success(), output.status.code().unwrap_or(!0), stdout, stderr)"
---
success: true
exit_code: 0
----- stdout -----
[ignored_oracle] Running 2 test functions
----- stderr -----
[ignored_oracle] Testing field_return_oracle_fails ... [0m[32mok[0m
[ignored_oracle] Testing unit_return_oracle_ignored ... [0m[32mok[0m
[ignored_oracle] [0m[32m2 tests passed[0m
