---
source: tooling/nargo_cli/tests/execute.rs
expression: "&format!(\"success: {:?}\\nexit_code: {}\\n----- stdout -----\\n{}\\n----- stderr -----\\n{}\",\noutput.status.success(), output.status.code().unwrap_or(!0), stdout, stderr)"
---
success: false
exit_code: 1
----- stdout -----

----- stderr -----
error: static_assert failed: x != 4
  ┌─ src/main.nr:4:5
  │
4 │     static_assert(x == 4, "x != 4");
  │     ------------------------------- Assertion failed
  │
  = Call stack:
    1. src/main.nr:10:23
    2. src/main.nr:4:5

Aborting due to 1 previous error
