---
source: test_programs/src/lib.rs
expression: "&format!(\"success: {:?}\\nexit_code: {}\\n----- stdout -----\\n{}\\n----- stderr -----\\n{}\",\noutput.status.success(), output.status.code().unwrap_or(!0), stdout, stderr)"
---
success: false
exit_code: 1
----- stdout -----

----- stderr -----
warning: struct `Foo` is never constructed
  ┌─ compile_failure/noirc_frontend_tests_traits_does_not_crash_on_as_trait_path_with_empty_path/src/main.nr:2:16
  │
2 │         struct Foo {
  │                --- struct is never constructed
  │

error:  is not a trait, therefore it can't be implemented
  ┌─ compile_failure/noirc_frontend_tests_traits_does_not_crash_on_as_trait_path_with_empty_path/src/main.nr:3:18
  │
3 │             x: <N>,
  │                  -
  │

error: Expected a 'as' but found '>'
  ┌─ compile_failure/noirc_frontend_tests_traits_does_not_crash_on_as_trait_path_with_empty_path/src/main.nr:3:18
  │
3 │             x: <N>,
  │                  -
  │

error: Expected a path but found '>'
  ┌─ compile_failure/noirc_frontend_tests_traits_does_not_crash_on_as_trait_path_with_empty_path/src/main.nr:3:18
  │
3 │             x: <N>,
  │                  -
  │

error: Expected a '::' but found ','
  ┌─ compile_failure/noirc_frontend_tests_traits_does_not_crash_on_as_trait_path_with_empty_path/src/main.nr:3:19
  │
3 │             x: <N>,
  │                   -
  │

error: Expected an identifier but found ','
  ┌─ compile_failure/noirc_frontend_tests_traits_does_not_crash_on_as_trait_path_with_empty_path/src/main.nr:3:19
  │
3 │             x: <N>,
  │                   -
  │

Aborting due to 5 previous errors
