---
source: test_programs/tests/execute.rs
expression: "&format!(\"success: {:?}\\nexit_code: {}\\n----- stdout -----\\n{}\\n----- stderr -----\\n{}\",\noutput.status.success(), output.status.code().unwrap_or(!0), stdout, stderr)"
---
success: false
exit_code: 1
----- stdout -----

----- stderr -----
warning: Unused expression result of type bool
  ┌─ compile_failure/constrain_typo/src/main.nr:6:14
  │
6 │     constrai x != y;
  │              ------
  │

error: cannot find `constrai` in this scope
  ┌─ compile_failure/constrain_typo/src/main.nr:6:5
  │
6 │     constrai x != y;
  │     -------- not found in this scope
  │

error: Expected a ; separating these two statements
  ┌─ compile_failure/constrain_typo/src/main.nr:6:5
  │
6 │     constrai x != y;
  │     --------
  │

Aborting due to 2 previous errors
