---
source: tooling/nargo_cli/tests/execute.rs
expression: "&format!(\"success: {:?}\\nexit_code: {}\\n----- stdout -----\\n{}\\n----- stderr -----\\n{}\",\noutput.status.success(), output.status.code().unwrap_or(!0), stdout, stderr)"
---
success: true
exit_code: 0
----- stdout -----

----- stderr -----
bug: Input to Brillig function is in a separate subgraph to output
   ┌─ src/main.nr:27:22
   │
27 │     let s = unsafe { brillig_slice_sum(black_box(arr.as_slice())) };
   │                      -------------------------------------------- There is no path from the output of this Brillig call to either return values or inputs of the circuit, which creates an independent subgraph. This is quite likely a soundness vulnerability
   │
   = Call stack:
     1. src/main.nr:27:22
