---
source: tooling/nargo_cli/tests/execute.rs
expression: "&format!(\"success: {:?}\\nexit_code: {}\\n----- stdout -----\\n{}\\n----- stderr -----\\n{}\",\noutput.status.success(), output.status.code().unwrap_or(!0), stdout, stderr)"
---
success: false
exit_code: 1
----- stdout -----

----- stderr -----
error: No matching impl found for `T: ToField`
   ┌─ src/main.nr:31:27
   │
31 │             process_array(serialize_thing(self))
   │                           --------------- No impl for `T: ToField`
   │
   = Required by `MyType<T>: Serialize<_>`

Aborting due to 1 previous error
