---
source: test_programs/tests/execute.rs
expression: "&format!(\"success: {:?}\\nexit_code: {}\\n----- stdout -----\\n{}\\n----- stderr -----\\n{}\",\noutput.status.success(), output.status.code().unwrap_or(!0), stdout, stderr)"
---
success: false
exit_code: 1
----- stdout -----

----- stderr -----
Package `bin_dep` has type `bin` but you cannot depend on binary packages
