---
source: tooling/nargo_cli/tests/execute.rs
expression: "&format!(\"success: {:?}\\nexit_code: {}\\n----- stdout -----\\n{}\\n----- stderr -----\\n{}\",\noutput.status.success(), output.status.code().unwrap_or(!0), stdout, stderr)"
---
success: true
exit_code: 0
----- stdout -----
hello from compile-time!
quote {
    struct Foo {
        fn foo() {
            // Some comment
            [[1, 2, 3]]
        }
    }
    
}
0x03
----- stderr -----
