---
source: test_programs/src/lib.rs
expression: "&format!(\"success: {:?}\\nexit_code: {}\\n----- stdout -----\\n{}\\n----- stderr -----\\n{}\",\noutput.status.success(), output.status.code().unwrap_or(!0), stdout, stderr)"
---
success: false
exit_code: 1
----- stdout -----

----- stderr -----
error: The `#[test]` attribute is disallowed on `impl` methods
   ┌─ compile_failure/noirc_frontend_tests_disallows_test_attribute_on_trait_impl_method/src/main.nr:10:16
   │
10 │             fn foo() { }
   │                ---
   │

Aborting due to 1 previous error
