---
source: test_programs/src/lib.rs
expression: "&format!(\"success: {:?}\\nexit_code: {}\\n----- stdout -----\\n{}\\n----- stderr -----\\n{}\",\noutput.status.success(), output.status.code().unwrap_or(!0), stdout, stderr)"
---
success: false
exit_code: 1
----- stdout -----

----- stderr -----
error: Could not resolve 'some' in path
  ┌─ compile_failure/noirc_frontend_tests_unresolved_path/src/main.nr:3:22
  │
3 │             let _z = some::path::to::a::func(x);
  │                      ----
  │

Aborting due to 1 previous error
