---
source: test_programs/src/lib.rs
expression: "&format!(\"success: {:?}\\nexit_code: {}\\n----- stdout -----\\n{}\\n----- stderr -----\\n{}\",\noutput.status.success(), output.status.code().unwrap_or(!0), stdout, stderr)"
---
success: false
exit_code: 1
----- stdout -----

----- stderr -----
error: Mutable variable x captured in lambda must be a mutable reference
  ┌─ compile_failure/noirc_frontend_tests_deny_capturing_mut_var_as_param_to_function_in_nested_lambda/src/main.nr:5:40
  │
5 │             let inner = || mutate(&mut x); 
  │                                        - Use '&mut' instead of 'mut' to capture a mutable variable.
  │

Aborting due to 1 previous error
