---
source: test_programs/src/lib.rs
expression: "&format!(\"success: {:?}\\nexit_code: {}\\n----- stdout -----\\n{}\\n----- stderr -----\\n{}\",\noutput.status.success(), output.status.code().unwrap_or(!0), stdout, stderr)"
---
success: false
exit_code: 1
----- stdout -----

----- stderr -----
error: Could not resolve 'baz' in path
  ┌─ compile_failure/overlapping_dep_and_mod/bin/src/main.nr:2:30
  │
2 │     assert(foo::bar() + foo::baz() == 3);
  │                              ---
  │

error: Could not resolve 'baz' in path
  ┌─ compile_failure/overlapping_dep_and_mod/bin/src/main.nr:4:17
  │
4 │     assert(foo::baz() == 2);
  │                 ---
  │

error: Could not resolve 'baz' in path
  ┌─ compile_failure/overlapping_dep_and_mod/bin/src/main.nr:5:23
  │
5 │     foo::bar() + foo::baz()
  │                       ---
  │

Aborting due to 3 previous errors
